{
    "-stub": {
        "content": [
            39,
            {
                "BCFTOOLS_REHEADER": {
                    "bcftools": 1.18
                },
                "BCFTOOLS_SORT": {
                    "bcftools": 1.18
                },
                "BCFTOOLS_STATS": {
                    "bcftools": 1.18
                },
                "BCFTOOLS_VIEW_CONTIGS": {
                    "bcftools": 1.18
                },
                "BCFTOOLS_VIEW_FILTERMISSING": {
                    "bcftools": 1.18
                },
                "BCFTOOLS_VIEW_SUBSAMPLE": {
                    "bcftools": 1.18
                },
                "DATAVZRD": {
                    "datavzrd": "2.36.12"
                },
                "HAPPY_SOMPY": {
                    "hap.py": "0.3.14"
                },
                "MERGE_REPORTS": {
                    "python": "3.8.6"
                },
                "PICARD_CREATESEQUENCEDICTIONARY": {
                    "picard": "3.2.0-1-g3948afb6b"
                },
                "PLOTS": {
                    "r-base": "4.3.1"
                },
                "TABIX_BGZIP": {
                    "tabix": "1.19.1"
                },
                "TABIX_BGZIPTABIX": {
                    "tabix": "1.19.1"
                },
                "Workflow": {
                    "nf-core/variantbenchmarking": "v1.0dev"
                }
            },
            [
                "pipeline_info",
                "pipeline_info/nf_core_pipeline_software_mqc_versions.yml",
                "references",
                "references/dictionary",
                "references/dictionary/genome.dict",
                "snv",
                "snv/SEQC2",
                "snv/SEQC2/stats",
                "snv/SEQC2/stats/bcftools",
                "snv/SEQC2/stats/bcftools/SEQC2.bcftools_stats.txt",
                "snv/multiqc",
                "snv/multiqc/multiqc_data",
                "snv/multiqc/multiqc_plots",
                "snv/multiqc/multiqc_report.html",
                "snv/summary",
                "snv/summary/datavzrd",
                "snv/summary/datavzrd/sompy",
                "snv/summary/datavzrd/sompy/index.html",
                "snv/summary/datavzrd/sompy/network",
                "snv/summary/datavzrd/sompy/network/config.js",
                "snv/summary/datavzrd/sompy/network/data",
                "snv/summary/datavzrd/sompy/network/data/data_1.js",
                "snv/summary/datavzrd/sompy/network/functions.js",
                "snv/summary/datavzrd/sompy/network/heatmap.js",
                "snv/summary/datavzrd/sompy/network/index_1.html",
                "snv/summary/datavzrd/sompy/network/plots",
                "snv/summary/datavzrd/sompy/network/plots/plot_0.js",
                "snv/summary/datavzrd/sompy/static",
                "snv/summary/datavzrd/sompy/static/bootstrap-select.min.css",
                "snv/summary/datavzrd/sompy/static/bootstrap-table-fixed-columns.min.css",
                "snv/summary/datavzrd/sompy/static/bootstrap-table.min.css",
                "snv/summary/datavzrd/sompy/static/bootstrap.min.css",
                "snv/summary/datavzrd/sompy/static/bundle.js",
                "snv/summary/datavzrd/sompy/static/datavzrd.css",
                "snv/summary/datavzrd/versions.yml",
                "snv/summary/plots",
                "snv/summary/plots/sompy",
                "snv/summary/plots/sompy/metric_by_tool_sompy_mqc.png",
                "snv/summary/plots/sompy/variants_by_tool_sompy_mqc.png",
                "snv/summary/tables",
                "snv/summary/tables/sompy",
                "snv/summary/tables/sompy/sompy.regions.csv",
                "snv/summary/tables/sompy/sompy.summary.csv",
                "snv/test1",
                "snv/test1/benchmarks",
                "snv/test1/benchmarks/sompy",
                "snv/test1/benchmarks/sompy/test1.SEQC2.freebayes.features.csv",
                "snv/test1/benchmarks/sompy/test1.SEQC2.freebayes.metrics.json",
                "snv/test1/benchmarks/sompy/test1.SEQC2.freebayes.stats.csv",
                "snv/test1/stats",
                "snv/test1/stats/bcftools",
                "snv/test1/stats/bcftools/test1.freebayes.bcftools_stats.txt",
                "snv/test2",
                "snv/test2/benchmarks",
                "snv/test2/benchmarks/sompy",
                "snv/test2/benchmarks/sompy/test2.SEQC2.manta.features.csv",
                "snv/test2/benchmarks/sompy/test2.SEQC2.manta.metrics.json",
                "snv/test2/benchmarks/sompy/test2.SEQC2.manta.stats.csv",
                "snv/test2/preprocess",
                "snv/test2/preprocess/HCC1395T_vs_HCC1395N.manta.somatic_sv.sort.vcf.gz",
                "snv/test2/stats",
                "snv/test2/stats/bcftools",
                "snv/test2/stats/bcftools/test2.manta.bcftools_stats.txt",
                "snv/test3",
                "snv/test3/benchmarks",
                "snv/test3/benchmarks/sompy",
                "snv/test3/benchmarks/sompy/test3.SEQC2.strelka.features.csv",
                "snv/test3/benchmarks/sompy/test3.SEQC2.strelka.metrics.json",
                "snv/test3/benchmarks/sompy/test3.SEQC2.strelka.stats.csv",
                "snv/test3/preprocess",
                "snv/test3/preprocess/HCC1395T_vs_HCC1395N.strelka.somatic_snvs.sort.vcf.gz",
                "snv/test3/stats",
                "snv/test3/stats/bcftools",
                "snv/test3/stats/bcftools/test3.strelka.bcftools_stats.txt"
            ],
            [
                "SEQC2.bcftools_stats.txt:md5,d41d8cd98f00b204e9800998ecf8427e",
                "test1.freebayes.bcftools_stats.txt:md5,d41d8cd98f00b204e9800998ecf8427e",
                "test2.manta.bcftools_stats.txt:md5,d41d8cd98f00b204e9800998ecf8427e",
                "test3.strelka.bcftools_stats.txt:md5,d41d8cd98f00b204e9800998ecf8427e"
            ]
        ],
        "meta": {
            "nf-test": "0.9.0",
            "nextflow": "24.10.2"
        },
        "timestamp": "2024-12-04T09:53:59.901867572"
    }
}