{
    "homo_sapiens - illumina - vcf.gz": {
        "content": [
            {
                "0": [
                    [
                        {
                            "id": "test"
                        },
                        "test.falsenegatives.vcf:md5,7a574ad3c614f0c38a6dccb5901ddc05"
                    ]
                ],
                "1": [
                    [
                        {
                            "id": "test"
                        },
                        "test.falsepositives.vcf:md5,146f05125330a9c0c4581a5a581744a7"
                    ]
                ],
                "2": [
                    [
                        {
                            "id": "test"
                        },
                        "test.distances:md5,b6a908b1187f159429dc8c6beb6e6f57"
                    ]
                ],
                "3": [
                    [
                        {
                            "id": "test"
                        },
                        "test.log:md5,16fd250ae2adcb07c8f101f640fdce81"
                    ]
                ],
                "4": [
                    [
                        {
                            "id": "test"
                        },
                        "test.report:md5,d0c7db2466442cbdd4f87ad516e00d32"
                    ]
                ],
                "5": [
                    "versions.yml:md5,6ac08491dbe591d24615c131658cf771"
                ],
                "distances": [
                    [
                        {
                            "id": "test"
                        },
                        "test.distances:md5,b6a908b1187f159429dc8c6beb6e6f57"
                    ]
                ],
                "fns": [
                    [
                        {
                            "id": "test"
                        },
                        "test.falsenegatives.vcf:md5,7a574ad3c614f0c38a6dccb5901ddc05"
                    ]
                ],
                "fps": [
                    [
                        {
                            "id": "test"
                        },
                        "test.falsepositives.vcf:md5,146f05125330a9c0c4581a5a581744a7"
                    ]
                ],
                "log": [
                    [
                        {
                            "id": "test"
                        },
                        "test.log:md5,16fd250ae2adcb07c8f101f640fdce81"
                    ]
                ],
                "report": [
                    [
                        {
                            "id": "test"
                        },
                        "test.report:md5,d0c7db2466442cbdd4f87ad516e00d32"
                    ]
                ],
                "versions": [
                    "versions.yml:md5,6ac08491dbe591d24615c131658cf771"
                ]
            }
        ],
        "timestamp": "2023-11-24T15:28:29.422156227"
    },
    "homo_sapiens - illumina - vcf.gz - bed": {
        "content": [
            {
                "0": [
                    [
                        {
                            "id": "test"
                        },
                        "test.falsenegatives.vcf:md5,c04105833d5f9acb5ec50af0b89a6b0f"
                    ]
                ],
                "1": [
                    [
                        {
                            "id": "test"
                        },
                        "test.falsepositives.vcf:md5,146f05125330a9c0c4581a5a581744a7"
                    ]
                ],
                "2": [
                    [
                        {
                            "id": "test"
                        },
                        "test.distances:md5,95f7b1679e805979f0c9a4a322cb77f4"
                    ]
                ],
                "3": [
                    [
                        {
                            "id": "test"
                        },
                        "test.log:md5,75f05aac48afd818f2d5e8a3144116ea"
                    ]
                ],
                "4": [
                    [
                        {
                            "id": "test"
                        },
                        "test.report:md5,aaa9225dd6e261951c020e23473375b9"
                    ]
                ],
                "5": [
                    "versions.yml:md5,6ac08491dbe591d24615c131658cf771"
                ],
                "distances": [
                    [
                        {
                            "id": "test"
                        },
                        "test.distances:md5,95f7b1679e805979f0c9a4a322cb77f4"
                    ]
                ],
                "fns": [
                    [
                        {
                            "id": "test"
                        },
                        "test.falsenegatives.vcf:md5,c04105833d5f9acb5ec50af0b89a6b0f"
                    ]
                ],
                "fps": [
                    [
                        {
                            "id": "test"
                        },
                        "test.falsepositives.vcf:md5,146f05125330a9c0c4581a5a581744a7"
                    ]
                ],
                "log": [
                    [
                        {
                            "id": "test"
                        },
                        "test.log:md5,75f05aac48afd818f2d5e8a3144116ea"
                    ]
                ],
                "report": [
                    [
                        {
                            "id": "test"
                        },
                        "test.report:md5,aaa9225dd6e261951c020e23473375b9"
                    ]
                ],
                "versions": [
                    "versions.yml:md5,6ac08491dbe591d24615c131658cf771"
                ]
            }
        ],
        "timestamp": "2023-11-24T15:29:05.547215282"
    }
}